undefinedFFF

Failures:

  1) Custom matcher: diffLines diffs two blocks of text, comparing line by line. should toEqualContents
    Message:
      Text does not match, please review the diff below.
[32mone three two[39m[31mone two three[39m


  2) Custom matcher: diffLines diffs two blocks of text, comparing line by line. should toEqualContents
    Message:
      Text does not match, please review the diff below.
[32mone two threee[39m[31mone two three[39m


  3) Custom matcher: diffLines diffs two blocks of text, comparing line by line. should toEqualFileContents
    Message:
      Files do not match, please review the diff below.
[37m“How is it that hardly any major religion has looked at science and concluded, “This is better than we thought!
The Universe is much bigger than our prophets said, grander, more subtle, more elegant?” Instead they say,
“No, no, no! My god is a little god, and I want him to stay that way.” A religion, old or new, that stressed
the magnificence of the Universe as revealed by modern science might be able to draw forth reserves of reverence and
[39m[32mawe hardly tapped by the conventional fairy tales.”
[39m[31mawe hardly tapped by the conventional faiths.”
[39m[37m
“Look again at that dot. That's here. That's home. That's us. On it everyone you love, everyone you know,
everyone you ever heard of, every human being who ever was, lived out their lives. The aggregate of our
joy and suffering, thousands of confident religions, ideologies, and economic doctrines, every hunter and forager,
every hero and coward, every creator and destroyer of civilization, every king and peasant, every young couple in love,
every mother and father, hopeful child, inventor and explorer, every teacher of morals, every corrupt politician,
every "superstar," every "supreme leader," every saint and sinner in the history of our species lived there--on
[39m[32ma mote of dust suspended in a moon.”
[39m[31ma mote of dust suspended in a sunbeam.”
[39m[37m
“It is sometimes said that scientists are unromantic, that their passion to figure out robs the world of
beauty and mystery. But is it not stirring to understand how the world actually works — that white light is
made of colors, that color is the way we perceive the wavelengths of light, that transparent air reflects light,
that in so doing it discriminates among the waves, and that the sky is blue for the same reason that the sunset is red?
It does no harm to the romance of the sunset to know a little bit about it.”

[39m[32m― Carl Sagan, Pale Yellow Dot: A Vision of the Human Future in Space[39m[31m― Carl Sagan, Pale Blue Dot: A Vision of the Human Future in Space[39m


Finished in 0.022 seconds
3 Tests, 3 Failures, 0 Skipped

